QA output created by 063
+ Invalid input
+ Invalid input(2)
+ Invalid input(3)
+ Invalid workdir
+ Invalid workdir(2)
+ Upper read-only
+ Lower read-only
+ Lower read-only(2)
+ Encounter error
